pytest : 
At line:1 char:1
+ pytest tests/ -v 2>&1 | Out-File -FilePath pytest_results.txt -Force
+ ~~~~~~~~~~~~~~~~~~~~~
    + CategoryInfo          : NotSpecified: (:String) [], RemoteException
    + FullyQualifiedErrorId : NativeCommandError
 
A module that was compiled using NumPy 1.x cannot be run in
NumPy 2.3.5 as it may crash. To support both 1.x and 2.x
versions of NumPy, modules must be compiled with NumPy 2.0.
Some module may need to rebuild instead e.g. with 'pybind11>=2.12'.

If you are a user of the module, the easiest solution will be to
downgrade to 'numpy<2' or try to upgrade the affected module.
We expect that some modules will need time to support NumPy 2.

Traceback (most recent call last):  File "<frozen runpy>", line 198, in 
_run_module_as_main
  File "<frozen runpy>", line 88, in _run_code
  File "C:\Users\francesco.baldi\AppData\Local\miniconda3\Scripts\pytest.exe\__
main__.py", line 7, in <module>
    sys.exit(console_main())
  File "C:\Users\francesco.baldi\AppData\Local\miniconda3\Lib\site-packages\_py
test\config\__init__.py", line 201, in console_main
    code = main()
  File "C:\Users\francesco.baldi\AppData\Local\miniconda3\Lib\site-packages\_py
test\config\__init__.py", line 156, in main
    config = _prepareconfig(args, plugins)
  File "C:\Users\francesco.baldi\AppData\Local\miniconda3\Lib\site-packages\_py
test\config\__init__.py", line 342, in _prepareconfig
    config = pluginmanager.hook.pytest_cmdline_parse(
  File "C:\Users\francesco.baldi\AppData\Local\miniconda3\Lib\site-packages\plu
ggy\_hooks.py", line 512, in __call__
    return self._hookexec(self.name, self._hookimpls.copy(), kwargs, 
firstresult)
  File "C:\Users\francesco.baldi\AppData\Local\miniconda3\Lib\site-packages\plu
ggy\_manager.py", line 120, in _hookexec
    return self._inner_hookexec(hook_name, methods, kwargs, firstresult)
  File "C:\Users\francesco.baldi\AppData\Local\miniconda3\Lib\site-packages\plu
ggy\_callers.py", line 121, in _multicall
    res = hook_impl.function(*args)
  File "C:\Users\francesco.baldi\AppData\Local\miniconda3\Lib\site-packages\_py
test\config\__init__.py", line 1146, in pytest_cmdline_parse
    self.parse(args)
  File "C:\Users\francesco.baldi\AppData\Local\miniconda3\Lib\site-packages\_py
test\config\__init__.py", line 1527, in parse
    self._preparse(args, addopts=addopts)
  File "C:\Users\francesco.baldi\AppData\Local\miniconda3\Lib\site-packages\_py
test\config\__init__.py", line 1431, in _preparse
    self.hook.pytest_load_initial_conftests(
  File "C:\Users\francesco.baldi\AppData\Local\miniconda3\Lib\site-packages\plu
ggy\_hooks.py", line 512, in __call__
    return self._hookexec(self.name, self._hookimpls.copy(), kwargs, 
firstresult)
  File "C:\Users\francesco.baldi\AppData\Local\miniconda3\Lib\site-packages\plu
ggy\_manager.py", line 120, in _hookexec
    return self._inner_hookexec(hook_name, methods, kwargs, firstresult)
  File "C:\Users\francesco.baldi\AppData\Local\miniconda3\Lib\site-packages\plu
ggy\_callers.py", line 121, in _multicall
    res = hook_impl.function(*args)
  File "C:\Users\francesco.baldi\AppData\Local\miniconda3\Lib\site-packages\_py
test\config\__init__.py", line 1228, in pytest_load_initial_conftests
    self.pluginmanager._set_initial_conftests(
  File "C:\Users\francesco.baldi\AppData\Local\miniconda3\Lib\site-packages\_py
test\config\__init__.py", line 583, in _set_initial_conftests
    self._try_load_conftest(
  File "C:\Users\francesco.baldi\AppData\Local\miniconda3\Lib\site-packages\_py
test\config\__init__.py", line 621, in _try_load_conftest
    self._loadconftestmodules(
  File "C:\Users\francesco.baldi\AppData\Local\miniconda3\Lib\site-packages\_py
test\config\__init__.py", line 661, in _loadconftestmodules
    mod = self._importconftest(
  File "C:\Users\francesco.baldi\AppData\Local\miniconda3\Lib\site-packages\_py
test\config\__init__.py", line 712, in _importconftest
    mod = import_path(
  File "C:\Users\francesco.baldi\AppData\Local\miniconda3\Lib\site-packages\_py
test\pathlib.py", line 587, in import_path
    importlib.import_module(module_name)
  File 
"C:\Users\francesco.baldi\AppData\Local\miniconda3\Lib\importlib\__init__.py", 
line 90, in import_module
    return _bootstrap._gcd_import(name[level:], package, level)
  File "C:\Users\francesco.baldi\AppData\Local\miniconda3\Lib\site-packages\_py
test\assertion\rewrite.py", line 186, in exec_module
    exec(co, module.__dict__)
  File "C:\Users\francesco.baldi\OneDrive - 
enea.it\Documents\Software\Python\EnergySystemControl\tests\conftest.py", line 
4, in <module>
    import pandas as pd
  File "C:\Users\francesco.baldi\AppData\Local\miniconda3\Lib\site-packages\pan
das\__init__.py", line 61, in <module>
    from pandas.core.api import (
  File "C:\Users\francesco.baldi\AppData\Local\miniconda3\Lib\site-packages\pan
das\core\api.py", line 28, in <module>
    from pandas.core.arrays import Categorical
  File "C:\Users\francesco.baldi\AppData\Local\miniconda3\Lib\site-packages\pan
das\core\arrays\__init__.py", line 1, in <module>
    from pandas.core.arrays.arrow import ArrowExtensionArray
  File "C:\Users\francesco.baldi\AppData\Local\miniconda3\Lib\site-packages\pan
das\core\arrays\arrow\__init__.py", line 5, in <module>
    from pandas.core.arrays.arrow.array import ArrowExtensionArray
  File "C:\Users\francesco.baldi\AppData\Local\miniconda3\Lib\site-packages\pan
das\core\arrays\arrow\array.py", line 53, in <module>
    from pandas.core import (
  File "C:\Users\francesco.baldi\AppData\Local\miniconda3\Lib\site-packages\pan
das\core\ops\__init__.py", line 8, in <module>
    from pandas.core.ops.array_ops import (
  File "C:\Users\francesco.baldi\AppData\Local\miniconda3\Lib\site-packages\pan
das\core\ops\array_ops.py", line 56, in <module>
    from pandas.core.computation import expressions
  File "C:\Users\francesco.baldi\AppData\Local\miniconda3\Lib\site-packages\pan
das\core\computation\expressions.py", line 21, in <module>
    from pandas.core.computation.check import NUMEXPR_INSTALLED
  File "C:\Users\francesco.baldi\AppData\Local\miniconda3\Lib\site-packages\pan
das\core\computation\check.py", line 5, in <module>
    ne = import_optional_dependency("numexpr", errors="warn")
  File "C:\Users\francesco.baldi\AppData\Local\miniconda3\Lib\site-packages\pan
das\compat\_optional.py", line 135, in import_optional_dependency
    module = importlib.import_module(name)
  File 
"C:\Users\francesco.baldi\AppData\Local\miniconda3\Lib\importlib\__init__.py", 
line 90, in import_module
    return _bootstrap._gcd_import(name[level:], package, level)
  File "C:\Users\francesco.baldi\AppData\Local\miniconda3\Lib\site-packages\num
expr\__init__.py", line 24, in <module>
    from numexpr.interpreter import MAX_THREADS, use_vml, __BLOCK_SIZE1__
AttributeError: _ARRAY_API not found

A module that was compiled using NumPy 1.x cannot be run in
NumPy 2.3.5 as it may crash. To support both 1.x and 2.x
versions of NumPy, modules must be compiled with NumPy 2.0.
Some module may need to rebuild instead e.g. with 'pybind11>=2.12'.

If you are a user of the module, the easiest solution will be to
downgrade to 'numpy<2' or try to upgrade the affected module.
We expect that some modules will need time to support NumPy 2.

Traceback (most recent call last):  File "<frozen runpy>", line 198, in 
_run_module_as_main
  File "<frozen runpy>", line 88, in _run_code
  File "C:\Users\francesco.baldi\AppData\Local\miniconda3\Scripts\pytest.exe\__
main__.py", line 7, in <module>
    sys.exit(console_main())
  File "C:\Users\francesco.baldi\AppData\Local\miniconda3\Lib\site-packages\_py
test\config\__init__.py", line 201, in console_main
    code = main()
  File "C:\Users\francesco.baldi\AppData\Local\miniconda3\Lib\site-packages\_py
test\config\__init__.py", line 156, in main
    config = _prepareconfig(args, plugins)
  File "C:\Users\francesco.baldi\AppData\Local\miniconda3\Lib\site-packages\_py
test\config\__init__.py", line 342, in _prepareconfig
    config = pluginmanager.hook.pytest_cmdline_parse(
  File "C:\Users\francesco.baldi\AppData\Local\miniconda3\Lib\site-packages\plu
ggy\_hooks.py", line 512, in __call__
    return self._hookexec(self.name, self._hookimpls.copy(), kwargs, 
firstresult)
  File "C:\Users\francesco.baldi\AppData\Local\miniconda3\Lib\site-packages\plu
ggy\_manager.py", line 120, in _hookexec
    return self._inner_hookexec(hook_name, methods, kwargs, firstresult)
  File "C:\Users\francesco.baldi\AppData\Local\miniconda3\Lib\site-packages\plu
ggy\_callers.py", line 121, in _multicall
    res = hook_impl.function(*args)
  File "C:\Users\francesco.baldi\AppData\Local\miniconda3\Lib\site-packages\_py
test\config\__init__.py", line 1146, in pytest_cmdline_parse
    self.parse(args)
  File "C:\Users\francesco.baldi\AppData\Local\miniconda3\Lib\site-packages\_py
test\config\__init__.py", line 1527, in parse
    self._preparse(args, addopts=addopts)
  File "C:\Users\francesco.baldi\AppData\Local\miniconda3\Lib\site-packages\_py
test\config\__init__.py", line 1431, in _preparse
    self.hook.pytest_load_initial_conftests(
  File "C:\Users\francesco.baldi\AppData\Local\miniconda3\Lib\site-packages\plu
ggy\_hooks.py", line 512, in __call__
    return self._hookexec(self.name, self._hookimpls.copy(), kwargs, 
firstresult)
  File "C:\Users\francesco.baldi\AppData\Local\miniconda3\Lib\site-packages\plu
ggy\_manager.py", line 120, in _hookexec
    return self._inner_hookexec(hook_name, methods, kwargs, firstresult)
  File "C:\Users\francesco.baldi\AppData\Local\miniconda3\Lib\site-packages\plu
ggy\_callers.py", line 121, in _multicall
    res = hook_impl.function(*args)
  File "C:\Users\francesco.baldi\AppData\Local\miniconda3\Lib\site-packages\_py
test\config\__init__.py", line 1228, in pytest_load_initial_conftests
    self.pluginmanager._set_initial_conftests(
  File "C:\Users\francesco.baldi\AppData\Local\miniconda3\Lib\site-packages\_py
test\config\__init__.py", line 583, in _set_initial_conftests
    self._try_load_conftest(
  File "C:\Users\francesco.baldi\AppData\Local\miniconda3\Lib\site-packages\_py
test\config\__init__.py", line 621, in _try_load_conftest
    self._loadconftestmodules(
  File "C:\Users\francesco.baldi\AppData\Local\miniconda3\Lib\site-packages\_py
test\config\__init__.py", line 661, in _loadconftestmodules
    mod = self._importconftest(
  File "C:\Users\francesco.baldi\AppData\Local\miniconda3\Lib\site-packages\_py
test\config\__init__.py", line 712, in _importconftest
    mod = import_path(
  File "C:\Users\francesco.baldi\AppData\Local\miniconda3\Lib\site-packages\_py
test\pathlib.py", line 587, in import_path
    importlib.import_module(module_name)
  File 
"C:\Users\francesco.baldi\AppData\Local\miniconda3\Lib\importlib\__init__.py", 
line 90, in import_module
    return _bootstrap._gcd_import(name[level:], package, level)
  File "C:\Users\francesco.baldi\AppData\Local\miniconda3\Lib\site-packages\_py
test\assertion\rewrite.py", line 186, in exec_module
    exec(co, module.__dict__)
  File "C:\Users\francesco.baldi\OneDrive - 
enea.it\Documents\Software\Python\EnergySystemControl\tests\conftest.py", line 
4, in <module>
    import pandas as pd
  File "C:\Users\francesco.baldi\AppData\Local\miniconda3\Lib\site-packages\pan
das\__init__.py", line 61, in <module>
    from pandas.core.api import (
  File "C:\Users\francesco.baldi\AppData\Local\miniconda3\Lib\site-packages\pan
das\core\api.py", line 28, in <module>
    from pandas.core.arrays import Categorical
  File "C:\Users\francesco.baldi\AppData\Local\miniconda3\Lib\site-packages\pan
das\core\arrays\__init__.py", line 1, in <module>
    from pandas.core.arrays.arrow import ArrowExtensionArray
  File "C:\Users\francesco.baldi\AppData\Local\miniconda3\Lib\site-packages\pan
das\core\arrays\arrow\__init__.py", line 5, in <module>
    from pandas.core.arrays.arrow.array import ArrowExtensionArray
  File "C:\Users\francesco.baldi\AppData\Local\miniconda3\Lib\site-packages\pan
das\core\arrays\arrow\array.py", line 67, in <module>
    from pandas.core.arrays.masked import BaseMaskedArray
  File "C:\Users\francesco.baldi\AppData\Local\miniconda3\Lib\site-packages\pan
das\core\arrays\masked.py", line 61, in <module>
    from pandas.core import (
  File "C:\Users\francesco.baldi\AppData\Local\miniconda3\Lib\site-packages\pan
das\core\nanops.py", line 52, in <module>
    bn = import_optional_dependency("bottleneck", errors="warn")
  File "C:\Users\francesco.baldi\AppData\Local\miniconda3\Lib\site-packages\pan
das\compat\_optional.py", line 135, in import_optional_dependency
    module = importlib.import_module(name)
  File 
"C:\Users\francesco.baldi\AppData\Local\miniconda3\Lib\importlib\__init__.py", 
line 90, in import_module
    return _bootstrap._gcd_import(name[level:], package, level)
  File "C:\Users\francesco.baldi\AppData\Local\miniconda3\Lib\site-packages\bot
tleneck\__init__.py", line 7, in <module>
    from .move import (move_argmax, move_argmin, move_max, move_mean, 
move_median,
AttributeError: _ARRAY_API not found
ImportError while loading conftest 'C:\Users\francesco.baldi\OneDrive - 
enea.it\Documents\Software\Python\EnergySystemControl\tests\conftest.py'.
tests\conftest.py:6: in <module>
    from energy_system_control.sim.state import SimulationState
src\energy_system_control\__init__.py:2: in <module>
    from .core.base_environment import Environment
src\energy_system_control\core\base_environment.py:9: in <module>
    from energy_system_control.components.base import *
src\energy_system_control\components\base.py:8: in <module>
    from energy_system_control.helpers import resample_with_interpolation
src\energy_system_control\helpers.py:3: in <module>
    import pvlib
E   ModuleNotFoundError: No module named 'pvlib'
